// Jest Snapshot v1, https://goo.gl/fbAQLP

exports[`shallow rendering React Test Instance 1`] = `
<TouchableText
  accessible={true}
  allowFontScaling={true}
  ellipsizeMode="tail"
  forwardedRef={null}
  testID="text-button"
>
  Press me
</TouchableText>
`;

exports[`shallow rendering React elements 1`] = `
<Component>
  <Component
    testID="text-button"
  >
    Press me
  </Component>
</Component>
`;
