// Jest Snapshot v1, https://goo.gl/fbAQLP

exports[`type() supports backspace: input: "{Backspace}a", defaultValue: "xxx" 1`] = `
[
  {
    "name": "pressIn",
    "payload": {
      "currentTarget": {
        "measure": [Function],
      },
      "isDefaultPrevented": [Function],
      "isPersistent": [Function],
      "isPropagationStopped": [Function],
      "nativeEvent": {
        "changedTouches": [],
        "identifier": 0,
        "locationX": 0,
        "locationY": 0,
        "pageX": 0,
        "pageY": 0,
        "target": 0,
        "timestamp": 100100100100,
        "touches": [],
      },
      "persist": [Function],
      "preventDefault": [Function],
      "stopPropagation": [Function],
      "target": {},
      "timeStamp": 0,
    },
  },
  {
    "name": "focus",
    "payload": {
      "currentTarget": {},
      "isDefaultPrevented": [Function],
      "isPersistent": [Function],
      "isPropagationStopped": [Function],
      "nativeEvent": {
        "target": 0,
      },
      "persist": [Function],
      "preventDefault": [Function],
      "stopPropagation": [Function],
      "target": {},
      "timeStamp": 0,
    },
  },
  {
    "name": "pressOut",
    "payload": {
      "currentTarget": {
        "measure": [Function],
      },
      "isDefaultPrevented": [Function],
      "isPersistent": [Function],
      "isPropagationStopped": [Function],
      "nativeEvent": {
        "changedTouches": [],
        "identifier": 0,
        "locationX": 0,
        "locationY": 0,
        "pageX": 0,
        "pageY": 0,
        "target": 0,
        "timestamp": 100100100100,
        "touches": [],
      },
      "persist": [Function],
      "preventDefault": [Function],
      "stopPropagation": [Function],
      "target": {},
      "timeStamp": 0,
    },
  },
  {
    "name": "keyPress",
    "payload": {
      "currentTarget": {},
      "isDefaultPrevented": [Function],
      "isPersistent": [Function],
      "isPropagationStopped": [Function],
      "nativeEvent": {
        "key": "Backspace",
      },
      "persist": [Function],
      "preventDefault": [Function],
      "stopPropagation": [Function],
      "target": {},
      "timeStamp": 0,
    },
  },
  {
    "name": "change",
    "payload": {
      "currentTarget": {},
      "isDefaultPrevented": [Function],
      "isPersistent": [Function],
      "isPropagationStopped": [Function],
      "nativeEvent": {
        "eventCount": 0,
        "target": 0,
        "text": "xx",
      },
      "persist": [Function],
      "preventDefault": [Function],
      "stopPropagation": [Function],
      "target": {},
      "timeStamp": 0,
    },
  },
  {
    "name": "changeText",
    "payload": "xx",
  },
  {
    "name": "selectionChange",
    "payload": {
      "currentTarget": {},
      "isDefaultPrevented": [Function],
      "isPersistent": [Function],
      "isPropagationStopped": [Function],
      "nativeEvent": {
        "selection": {
          "end": 2,
          "start": 2,
        },
      },
      "persist": [Function],
      "preventDefault": [Function],
      "stopPropagation": [Function],
      "target": {},
      "timeStamp": 0,
    },
  },
  {
    "name": "keyPress",
    "payload": {
      "currentTarget": {},
      "isDefaultPrevented": [Function],
      "isPersistent": [Function],
      "isPropagationStopped": [Function],
      "nativeEvent": {
        "key": "a",
      },
      "persist": [Function],
      "preventDefault": [Function],
      "stopPropagation": [Function],
      "target": {},
      "timeStamp": 0,
    },
  },
  {
    "name": "change",
    "payload": {
      "currentTarget": {},
      "isDefaultPrevented": [Function],
      "isPersistent": [Function],
      "isPropagationStopped": [Function],
      "nativeEvent": {
        "eventCount": 0,
        "target": 0,
        "text": "xxa",
      },
      "persist": [Function],
      "preventDefault": [Function],
      "stopPropagation": [Function],
      "target": {},
      "timeStamp": 0,
    },
  },
  {
    "name": "changeText",
    "payload": "xxa",
  },
  {
    "name": "selectionChange",
    "payload": {
      "currentTarget": {},
      "isDefaultPrevented": [Function],
      "isPersistent": [Function],
      "isPropagationStopped": [Function],
      "nativeEvent": {
        "selection": {
          "end": 3,
          "start": 3,
        },
      },
      "persist": [Function],
      "preventDefault": [Function],
      "stopPropagation": [Function],
      "target": {},
      "timeStamp": 0,
    },
  },
  {
    "name": "endEditing",
    "payload": {
      "currentTarget": {},
      "isDefaultPrevented": [Function],
      "isPersistent": [Function],
      "isPropagationStopped": [Function],
      "nativeEvent": {
        "target": 0,
        "text": "xxa",
      },
      "persist": [Function],
      "preventDefault": [Function],
      "stopPropagation": [Function],
      "target": {},
      "timeStamp": 0,
    },
  },
  {
    "name": "blur",
    "payload": {
      "currentTarget": {},
      "isDefaultPrevented": [Function],
      "isPersistent": [Function],
      "isPropagationStopped": [Function],
      "nativeEvent": {
        "target": 0,
      },
      "persist": [Function],
      "preventDefault": [Function],
      "stopPropagation": [Function],
      "target": {},
      "timeStamp": 0,
    },
  },
]
`;

exports[`type() supports basic case: input: "abc" 1`] = `
[
  {
    "name": "pressIn",
    "payload": {
      "currentTarget": {
        "measure": [Function],
      },
      "isDefaultPrevented": [Function],
      "isPersistent": [Function],
      "isPropagationStopped": [Function],
      "nativeEvent": {
        "changedTouches": [],
        "identifier": 0,
        "locationX": 0,
        "locationY": 0,
        "pageX": 0,
        "pageY": 0,
        "target": 0,
        "timestamp": 100100100100,
        "touches": [],
      },
      "persist": [Function],
      "preventDefault": [Function],
      "stopPropagation": [Function],
      "target": {},
      "timeStamp": 0,
    },
  },
  {
    "name": "focus",
    "payload": {
      "currentTarget": {},
      "isDefaultPrevented": [Function],
      "isPersistent": [Function],
      "isPropagationStopped": [Function],
      "nativeEvent": {
        "target": 0,
      },
      "persist": [Function],
      "preventDefault": [Function],
      "stopPropagation": [Function],
      "target": {},
      "timeStamp": 0,
    },
  },
  {
    "name": "pressOut",
    "payload": {
      "currentTarget": {
        "measure": [Function],
      },
      "isDefaultPrevented": [Function],
      "isPersistent": [Function],
      "isPropagationStopped": [Function],
      "nativeEvent": {
        "changedTouches": [],
        "identifier": 0,
        "locationX": 0,
        "locationY": 0,
        "pageX": 0,
        "pageY": 0,
        "target": 0,
        "timestamp": 100100100100,
        "touches": [],
      },
      "persist": [Function],
      "preventDefault": [Function],
      "stopPropagation": [Function],
      "target": {},
      "timeStamp": 0,
    },
  },
  {
    "name": "keyPress",
    "payload": {
      "currentTarget": {},
      "isDefaultPrevented": [Function],
      "isPersistent": [Function],
      "isPropagationStopped": [Function],
      "nativeEvent": {
        "key": "a",
      },
      "persist": [Function],
      "preventDefault": [Function],
      "stopPropagation": [Function],
      "target": {},
      "timeStamp": 0,
    },
  },
  {
    "name": "change",
    "payload": {
      "currentTarget": {},
      "isDefaultPrevented": [Function],
      "isPersistent": [Function],
      "isPropagationStopped": [Function],
      "nativeEvent": {
        "eventCount": 0,
        "target": 0,
        "text": "a",
      },
      "persist": [Function],
      "preventDefault": [Function],
      "stopPropagation": [Function],
      "target": {},
      "timeStamp": 0,
    },
  },
  {
    "name": "changeText",
    "payload": "a",
  },
  {
    "name": "selectionChange",
    "payload": {
      "currentTarget": {},
      "isDefaultPrevented": [Function],
      "isPersistent": [Function],
      "isPropagationStopped": [Function],
      "nativeEvent": {
        "selection": {
          "end": 1,
          "start": 1,
        },
      },
      "persist": [Function],
      "preventDefault": [Function],
      "stopPropagation": [Function],
      "target": {},
      "timeStamp": 0,
    },
  },
  {
    "name": "keyPress",
    "payload": {
      "currentTarget": {},
      "isDefaultPrevented": [Function],
      "isPersistent": [Function],
      "isPropagationStopped": [Function],
      "nativeEvent": {
        "key": "b",
      },
      "persist": [Function],
      "preventDefault": [Function],
      "stopPropagation": [Function],
      "target": {},
      "timeStamp": 0,
    },
  },
  {
    "name": "change",
    "payload": {
      "currentTarget": {},
      "isDefaultPrevented": [Function],
      "isPersistent": [Function],
      "isPropagationStopped": [Function],
      "nativeEvent": {
        "eventCount": 0,
        "target": 0,
        "text": "ab",
      },
      "persist": [Function],
      "preventDefault": [Function],
      "stopPropagation": [Function],
      "target": {},
      "timeStamp": 0,
    },
  },
  {
    "name": "changeText",
    "payload": "ab",
  },
  {
    "name": "selectionChange",
    "payload": {
      "currentTarget": {},
      "isDefaultPrevented": [Function],
      "isPersistent": [Function],
      "isPropagationStopped": [Function],
      "nativeEvent": {
        "selection": {
          "end": 2,
          "start": 2,
        },
      },
      "persist": [Function],
      "preventDefault": [Function],
      "stopPropagation": [Function],
      "target": {},
      "timeStamp": 0,
    },
  },
  {
    "name": "keyPress",
    "payload": {
      "currentTarget": {},
      "isDefaultPrevented": [Function],
      "isPersistent": [Function],
      "isPropagationStopped": [Function],
      "nativeEvent": {
        "key": "c",
      },
      "persist": [Function],
      "preventDefault": [Function],
      "stopPropagation": [Function],
      "target": {},
      "timeStamp": 0,
    },
  },
  {
    "name": "change",
    "payload": {
      "currentTarget": {},
      "isDefaultPrevented": [Function],
      "isPersistent": [Function],
      "isPropagationStopped": [Function],
      "nativeEvent": {
        "eventCount": 0,
        "target": 0,
        "text": "abc",
      },
      "persist": [Function],
      "preventDefault": [Function],
      "stopPropagation": [Function],
      "target": {},
      "timeStamp": 0,
    },
  },
  {
    "name": "changeText",
    "payload": "abc",
  },
  {
    "name": "selectionChange",
    "payload": {
      "currentTarget": {},
      "isDefaultPrevented": [Function],
      "isPersistent": [Function],
      "isPropagationStopped": [Function],
      "nativeEvent": {
        "selection": {
          "end": 3,
          "start": 3,
        },
      },
      "persist": [Function],
      "preventDefault": [Function],
      "stopPropagation": [Function],
      "target": {},
      "timeStamp": 0,
    },
  },
  {
    "name": "endEditing",
    "payload": {
      "currentTarget": {},
      "isDefaultPrevented": [Function],
      "isPersistent": [Function],
      "isPropagationStopped": [Function],
      "nativeEvent": {
        "target": 0,
        "text": "abc",
      },
      "persist": [Function],
      "preventDefault": [Function],
      "stopPropagation": [Function],
      "target": {},
      "timeStamp": 0,
    },
  },
  {
    "name": "blur",
    "payload": {
      "currentTarget": {},
      "isDefaultPrevented": [Function],
      "isPersistent": [Function],
      "isPropagationStopped": [Function],
      "nativeEvent": {
        "target": 0,
      },
      "persist": [Function],
      "preventDefault": [Function],
      "stopPropagation": [Function],
      "target": {},
      "timeStamp": 0,
    },
  },
]
`;

exports[`type() supports defaultValue prop: input: "ab", defaultValue: "xxx" 1`] = `
[
  {
    "name": "pressIn",
    "payload": {
      "currentTarget": {
        "measure": [Function],
      },
      "isDefaultPrevented": [Function],
      "isPersistent": [Function],
      "isPropagationStopped": [Function],
      "nativeEvent": {
        "changedTouches": [],
        "identifier": 0,
        "locationX": 0,
        "locationY": 0,
        "pageX": 0,
        "pageY": 0,
        "target": 0,
        "timestamp": 100100100100,
        "touches": [],
      },
      "persist": [Function],
      "preventDefault": [Function],
      "stopPropagation": [Function],
      "target": {},
      "timeStamp": 0,
    },
  },
  {
    "name": "focus",
    "payload": {
      "currentTarget": {},
      "isDefaultPrevented": [Function],
      "isPersistent": [Function],
      "isPropagationStopped": [Function],
      "nativeEvent": {
        "target": 0,
      },
      "persist": [Function],
      "preventDefault": [Function],
      "stopPropagation": [Function],
      "target": {},
      "timeStamp": 0,
    },
  },
  {
    "name": "pressOut",
    "payload": {
      "currentTarget": {
        "measure": [Function],
      },
      "isDefaultPrevented": [Function],
      "isPersistent": [Function],
      "isPropagationStopped": [Function],
      "nativeEvent": {
        "changedTouches": [],
        "identifier": 0,
        "locationX": 0,
        "locationY": 0,
        "pageX": 0,
        "pageY": 0,
        "target": 0,
        "timestamp": 100100100100,
        "touches": [],
      },
      "persist": [Function],
      "preventDefault": [Function],
      "stopPropagation": [Function],
      "target": {},
      "timeStamp": 0,
    },
  },
  {
    "name": "keyPress",
    "payload": {
      "currentTarget": {},
      "isDefaultPrevented": [Function],
      "isPersistent": [Function],
      "isPropagationStopped": [Function],
      "nativeEvent": {
        "key": "a",
      },
      "persist": [Function],
      "preventDefault": [Function],
      "stopPropagation": [Function],
      "target": {},
      "timeStamp": 0,
    },
  },
  {
    "name": "change",
    "payload": {
      "currentTarget": {},
      "isDefaultPrevented": [Function],
      "isPersistent": [Function],
      "isPropagationStopped": [Function],
      "nativeEvent": {
        "eventCount": 0,
        "target": 0,
        "text": "xxxa",
      },
      "persist": [Function],
      "preventDefault": [Function],
      "stopPropagation": [Function],
      "target": {},
      "timeStamp": 0,
    },
  },
  {
    "name": "changeText",
    "payload": "xxxa",
  },
  {
    "name": "selectionChange",
    "payload": {
      "currentTarget": {},
      "isDefaultPrevented": [Function],
      "isPersistent": [Function],
      "isPropagationStopped": [Function],
      "nativeEvent": {
        "selection": {
          "end": 4,
          "start": 4,
        },
      },
      "persist": [Function],
      "preventDefault": [Function],
      "stopPropagation": [Function],
      "target": {},
      "timeStamp": 0,
    },
  },
  {
    "name": "keyPress",
    "payload": {
      "currentTarget": {},
      "isDefaultPrevented": [Function],
      "isPersistent": [Function],
      "isPropagationStopped": [Function],
      "nativeEvent": {
        "key": "b",
      },
      "persist": [Function],
      "preventDefault": [Function],
      "stopPropagation": [Function],
      "target": {},
      "timeStamp": 0,
    },
  },
  {
    "name": "change",
    "payload": {
      "currentTarget": {},
      "isDefaultPrevented": [Function],
      "isPersistent": [Function],
      "isPropagationStopped": [Function],
      "nativeEvent": {
        "eventCount": 0,
        "target": 0,
        "text": "xxxab",
      },
      "persist": [Function],
      "preventDefault": [Function],
      "stopPropagation": [Function],
      "target": {},
      "timeStamp": 0,
    },
  },
  {
    "name": "changeText",
    "payload": "xxxab",
  },
  {
    "name": "selectionChange",
    "payload": {
      "currentTarget": {},
      "isDefaultPrevented": [Function],
      "isPersistent": [Function],
      "isPropagationStopped": [Function],
      "nativeEvent": {
        "selection": {
          "end": 5,
          "start": 5,
        },
      },
      "persist": [Function],
      "preventDefault": [Function],
      "stopPropagation": [Function],
      "target": {},
      "timeStamp": 0,
    },
  },
  {
    "name": "endEditing",
    "payload": {
      "currentTarget": {},
      "isDefaultPrevented": [Function],
      "isPersistent": [Function],
      "isPropagationStopped": [Function],
      "nativeEvent": {
        "target": 0,
        "text": "xxxab",
      },
      "persist": [Function],
      "preventDefault": [Function],
      "stopPropagation": [Function],
      "target": {},
      "timeStamp": 0,
    },
  },
  {
    "name": "blur",
    "payload": {
      "currentTarget": {},
      "isDefaultPrevented": [Function],
      "isPersistent": [Function],
      "isPropagationStopped": [Function],
      "nativeEvent": {
        "target": 0,
      },
      "persist": [Function],
      "preventDefault": [Function],
      "stopPropagation": [Function],
      "target": {},
      "timeStamp": 0,
    },
  },
]
`;

exports[`type() supports multiline: input: "{Enter}\\n", multiline: true 1`] = `
[
  {
    "name": "pressIn",
    "payload": {
      "currentTarget": {
        "measure": [Function],
      },
      "isDefaultPrevented": [Function],
      "isPersistent": [Function],
      "isPropagationStopped": [Function],
      "nativeEvent": {
        "changedTouches": [],
        "identifier": 0,
        "locationX": 0,
        "locationY": 0,
        "pageX": 0,
        "pageY": 0,
        "target": 0,
        "timestamp": 100100100100,
        "touches": [],
      },
      "persist": [Function],
      "preventDefault": [Function],
      "stopPropagation": [Function],
      "target": {},
      "timeStamp": 0,
    },
  },
  {
    "name": "focus",
    "payload": {
      "currentTarget": {},
      "isDefaultPrevented": [Function],
      "isPersistent": [Function],
      "isPropagationStopped": [Function],
      "nativeEvent": {
        "target": 0,
      },
      "persist": [Function],
      "preventDefault": [Function],
      "stopPropagation": [Function],
      "target": {},
      "timeStamp": 0,
    },
  },
  {
    "name": "pressOut",
    "payload": {
      "currentTarget": {
        "measure": [Function],
      },
      "isDefaultPrevented": [Function],
      "isPersistent": [Function],
      "isPropagationStopped": [Function],
      "nativeEvent": {
        "changedTouches": [],
        "identifier": 0,
        "locationX": 0,
        "locationY": 0,
        "pageX": 0,
        "pageY": 0,
        "target": 0,
        "timestamp": 100100100100,
        "touches": [],
      },
      "persist": [Function],
      "preventDefault": [Function],
      "stopPropagation": [Function],
      "target": {},
      "timeStamp": 0,
    },
  },
  {
    "name": "keyPress",
    "payload": {
      "currentTarget": {},
      "isDefaultPrevented": [Function],
      "isPersistent": [Function],
      "isPropagationStopped": [Function],
      "nativeEvent": {
        "key": "Enter",
      },
      "persist": [Function],
      "preventDefault": [Function],
      "stopPropagation": [Function],
      "target": {},
      "timeStamp": 0,
    },
  },
  {
    "name": "textInput",
    "payload": {
      "currentTarget": {},
      "isDefaultPrevented": [Function],
      "isPersistent": [Function],
      "isPropagationStopped": [Function],
      "nativeEvent": {
        "previousText": "",
        "range": {
          "end": 1,
          "start": 1,
        },
        "target": 0,
        "text": "
",
      },
      "persist": [Function],
      "preventDefault": [Function],
      "stopPropagation": [Function],
      "target": {},
      "timeStamp": 0,
    },
  },
  {
    "name": "change",
    "payload": {
      "currentTarget": {},
      "isDefaultPrevented": [Function],
      "isPersistent": [Function],
      "isPropagationStopped": [Function],
      "nativeEvent": {
        "eventCount": 0,
        "target": 0,
        "text": "
",
      },
      "persist": [Function],
      "preventDefault": [Function],
      "stopPropagation": [Function],
      "target": {},
      "timeStamp": 0,
    },
  },
  {
    "name": "changeText",
    "payload": "
",
  },
  {
    "name": "selectionChange",
    "payload": {
      "currentTarget": {},
      "isDefaultPrevented": [Function],
      "isPersistent": [Function],
      "isPropagationStopped": [Function],
      "nativeEvent": {
        "selection": {
          "end": 1,
          "start": 1,
        },
      },
      "persist": [Function],
      "preventDefault": [Function],
      "stopPropagation": [Function],
      "target": {},
      "timeStamp": 0,
    },
  },
  {
    "name": "contentSizeChange",
    "payload": {
      "currentTarget": {},
      "isDefaultPrevented": [Function],
      "isPersistent": [Function],
      "isPropagationStopped": [Function],
      "nativeEvent": {
        "contentSize": {
          "height": 32,
          "width": 0,
        },
        "target": 0,
      },
      "persist": [Function],
      "preventDefault": [Function],
      "stopPropagation": [Function],
      "target": {},
      "timeStamp": 0,
    },
  },
  {
    "name": "keyPress",
    "payload": {
      "currentTarget": {},
      "isDefaultPrevented": [Function],
      "isPersistent": [Function],
      "isPropagationStopped": [Function],
      "nativeEvent": {
        "key": "Enter",
      },
      "persist": [Function],
      "preventDefault": [Function],
      "stopPropagation": [Function],
      "target": {},
      "timeStamp": 0,
    },
  },
  {
    "name": "textInput",
    "payload": {
      "currentTarget": {},
      "isDefaultPrevented": [Function],
      "isPersistent": [Function],
      "isPropagationStopped": [Function],
      "nativeEvent": {
        "previousText": "
",
        "range": {
          "end": 2,
          "start": 2,
        },
        "target": 0,
        "text": "

",
      },
      "persist": [Function],
      "preventDefault": [Function],
      "stopPropagation": [Function],
      "target": {},
      "timeStamp": 0,
    },
  },
  {
    "name": "change",
    "payload": {
      "currentTarget": {},
      "isDefaultPrevented": [Function],
      "isPersistent": [Function],
      "isPropagationStopped": [Function],
      "nativeEvent": {
        "eventCount": 0,
        "target": 0,
        "text": "

",
      },
      "persist": [Function],
      "preventDefault": [Function],
      "stopPropagation": [Function],
      "target": {},
      "timeStamp": 0,
    },
  },
  {
    "name": "changeText",
    "payload": "

",
  },
  {
    "name": "selectionChange",
    "payload": {
      "currentTarget": {},
      "isDefaultPrevented": [Function],
      "isPersistent": [Function],
      "isPropagationStopped": [Function],
      "nativeEvent": {
        "selection": {
          "end": 2,
          "start": 2,
        },
      },
      "persist": [Function],
      "preventDefault": [Function],
      "stopPropagation": [Function],
      "target": {},
      "timeStamp": 0,
    },
  },
  {
    "name": "contentSizeChange",
    "payload": {
      "currentTarget": {},
      "isDefaultPrevented": [Function],
      "isPersistent": [Function],
      "isPropagationStopped": [Function],
      "nativeEvent": {
        "contentSize": {
          "height": 48,
          "width": 0,
        },
        "target": 0,
      },
      "persist": [Function],
      "preventDefault": [Function],
      "stopPropagation": [Function],
      "target": {},
      "timeStamp": 0,
    },
  },
  {
    "name": "endEditing",
    "payload": {
      "currentTarget": {},
      "isDefaultPrevented": [Function],
      "isPersistent": [Function],
      "isPropagationStopped": [Function],
      "nativeEvent": {
        "target": 0,
        "text": "

",
      },
      "persist": [Function],
      "preventDefault": [Function],
      "stopPropagation": [Function],
      "target": {},
      "timeStamp": 0,
    },
  },
  {
    "name": "blur",
    "payload": {
      "currentTarget": {},
      "isDefaultPrevented": [Function],
      "isPersistent": [Function],
      "isPropagationStopped": [Function],
      "nativeEvent": {
        "target": 0,
      },
      "persist": [Function],
      "preventDefault": [Function],
      "stopPropagation": [Function],
      "target": {},
      "timeStamp": 0,
    },
  },
]
`;

exports[`type() works when not all events have handlers: input: "abc" 1`] = `
[
  {
    "name": "changeText",
    "payload": "a",
  },
  {
    "name": "changeText",
    "payload": "ab",
  },
  {
    "name": "changeText",
    "payload": "abc",
  },
  {
    "name": "endEditing",
    "payload": {
      "currentTarget": {},
      "isDefaultPrevented": [Function],
      "isPersistent": [Function],
      "isPropagationStopped": [Function],
      "nativeEvent": {
        "target": 0,
        "text": "abc",
      },
      "persist": [Function],
      "preventDefault": [Function],
      "stopPropagation": [Function],
      "target": {},
      "timeStamp": 0,
    },
  },
]
`;
