// Jest Snapshot v1, https://goo.gl/fbAQLP

exports[`scrollTo() is accessible directly in userEvent: scrollTo({ y: 100 }) 1`] = `
[
  {
    "name": "scrollBeginDrag",
    "payload": {
      "nativeEvent": {
        "contentInset": {
          "bottom": 0,
          "left": 0,
          "right": 0,
          "top": 0,
        },
        "contentOffset": {
          "x": 0,
          "y": 0,
        },
        "contentSize": {
          "height": 0,
          "width": 0,
        },
        "layoutMeasurement": {
          "height": 0,
          "width": 0,
        },
        "responderIgnoreScroll": true,
        "target": 0,
        "velocity": {
          "x": 0,
          "y": 0,
        },
      },
    },
  },
  {
    "name": "scroll",
    "payload": {
      "nativeEvent": {
        "contentInset": {
          "bottom": 0,
          "left": 0,
          "right": 0,
          "top": 0,
        },
        "contentOffset": {
          "x": 0,
          "y": 25,
        },
        "contentSize": {
          "height": 0,
          "width": 0,
        },
        "layoutMeasurement": {
          "height": 0,
          "width": 0,
        },
        "responderIgnoreScroll": true,
        "target": 0,
        "velocity": {
          "x": 0,
          "y": 0,
        },
      },
    },
  },
  {
    "name": "scroll",
    "payload": {
      "nativeEvent": {
        "contentInset": {
          "bottom": 0,
          "left": 0,
          "right": 0,
          "top": 0,
        },
        "contentOffset": {
          "x": 0,
          "y": 50,
        },
        "contentSize": {
          "height": 0,
          "width": 0,
        },
        "layoutMeasurement": {
          "height": 0,
          "width": 0,
        },
        "responderIgnoreScroll": true,
        "target": 0,
        "velocity": {
          "x": 0,
          "y": 0,
        },
      },
    },
  },
  {
    "name": "scroll",
    "payload": {
      "nativeEvent": {
        "contentInset": {
          "bottom": 0,
          "left": 0,
          "right": 0,
          "top": 0,
        },
        "contentOffset": {
          "x": 0,
          "y": 75,
        },
        "contentSize": {
          "height": 0,
          "width": 0,
        },
        "layoutMeasurement": {
          "height": 0,
          "width": 0,
        },
        "responderIgnoreScroll": true,
        "target": 0,
        "velocity": {
          "x": 0,
          "y": 0,
        },
      },
    },
  },
  {
    "name": "scrollEndDrag",
    "payload": {
      "nativeEvent": {
        "contentInset": {
          "bottom": 0,
          "left": 0,
          "right": 0,
          "top": 0,
        },
        "contentOffset": {
          "x": 0,
          "y": 100,
        },
        "contentSize": {
          "height": 0,
          "width": 0,
        },
        "layoutMeasurement": {
          "height": 0,
          "width": 0,
        },
        "responderIgnoreScroll": true,
        "target": 0,
        "velocity": {
          "x": 0,
          "y": 0,
        },
      },
    },
  },
]
`;

exports[`scrollTo() remembers previous scroll position: scrollTo({ y: 100 }) + scrollTo({ y: 200 }) 1`] = `
[
  {
    "name": "scrollBeginDrag",
    "payload": {
      "nativeEvent": {
        "contentInset": {
          "bottom": 0,
          "left": 0,
          "right": 0,
          "top": 0,
        },
        "contentOffset": {
          "x": 0,
          "y": 0,
        },
        "contentSize": {
          "height": 0,
          "width": 0,
        },
        "layoutMeasurement": {
          "height": 0,
          "width": 0,
        },
        "responderIgnoreScroll": true,
        "target": 0,
        "velocity": {
          "x": 0,
          "y": 0,
        },
      },
    },
  },
  {
    "name": "scroll",
    "payload": {
      "nativeEvent": {
        "contentInset": {
          "bottom": 0,
          "left": 0,
          "right": 0,
          "top": 0,
        },
        "contentOffset": {
          "x": 0,
          "y": 25,
        },
        "contentSize": {
          "height": 0,
          "width": 0,
        },
        "layoutMeasurement": {
          "height": 0,
          "width": 0,
        },
        "responderIgnoreScroll": true,
        "target": 0,
        "velocity": {
          "x": 0,
          "y": 0,
        },
      },
    },
  },
  {
    "name": "scroll",
    "payload": {
      "nativeEvent": {
        "contentInset": {
          "bottom": 0,
          "left": 0,
          "right": 0,
          "top": 0,
        },
        "contentOffset": {
          "x": 0,
          "y": 50,
        },
        "contentSize": {
          "height": 0,
          "width": 0,
        },
        "layoutMeasurement": {
          "height": 0,
          "width": 0,
        },
        "responderIgnoreScroll": true,
        "target": 0,
        "velocity": {
          "x": 0,
          "y": 0,
        },
      },
    },
  },
  {
    "name": "scroll",
    "payload": {
      "nativeEvent": {
        "contentInset": {
          "bottom": 0,
          "left": 0,
          "right": 0,
          "top": 0,
        },
        "contentOffset": {
          "x": 0,
          "y": 75,
        },
        "contentSize": {
          "height": 0,
          "width": 0,
        },
        "layoutMeasurement": {
          "height": 0,
          "width": 0,
        },
        "responderIgnoreScroll": true,
        "target": 0,
        "velocity": {
          "x": 0,
          "y": 0,
        },
      },
    },
  },
  {
    "name": "scrollEndDrag",
    "payload": {
      "nativeEvent": {
        "contentInset": {
          "bottom": 0,
          "left": 0,
          "right": 0,
          "top": 0,
        },
        "contentOffset": {
          "x": 0,
          "y": 100,
        },
        "contentSize": {
          "height": 0,
          "width": 0,
        },
        "layoutMeasurement": {
          "height": 0,
          "width": 0,
        },
        "responderIgnoreScroll": true,
        "target": 0,
        "velocity": {
          "x": 0,
          "y": 0,
        },
      },
    },
  },
  {
    "name": "scrollBeginDrag",
    "payload": {
      "nativeEvent": {
        "contentInset": {
          "bottom": 0,
          "left": 0,
          "right": 0,
          "top": 0,
        },
        "contentOffset": {
          "x": 0,
          "y": 100,
        },
        "contentSize": {
          "height": 0,
          "width": 0,
        },
        "layoutMeasurement": {
          "height": 0,
          "width": 0,
        },
        "responderIgnoreScroll": true,
        "target": 0,
        "velocity": {
          "x": 0,
          "y": 0,
        },
      },
    },
  },
  {
    "name": "scroll",
    "payload": {
      "nativeEvent": {
        "contentInset": {
          "bottom": 0,
          "left": 0,
          "right": 0,
          "top": 0,
        },
        "contentOffset": {
          "x": 0,
          "y": 125,
        },
        "contentSize": {
          "height": 0,
          "width": 0,
        },
        "layoutMeasurement": {
          "height": 0,
          "width": 0,
        },
        "responderIgnoreScroll": true,
        "target": 0,
        "velocity": {
          "x": 0,
          "y": 0,
        },
      },
    },
  },
  {
    "name": "scroll",
    "payload": {
      "nativeEvent": {
        "contentInset": {
          "bottom": 0,
          "left": 0,
          "right": 0,
          "top": 0,
        },
        "contentOffset": {
          "x": 0,
          "y": 150,
        },
        "contentSize": {
          "height": 0,
          "width": 0,
        },
        "layoutMeasurement": {
          "height": 0,
          "width": 0,
        },
        "responderIgnoreScroll": true,
        "target": 0,
        "velocity": {
          "x": 0,
          "y": 0,
        },
      },
    },
  },
  {
    "name": "scroll",
    "payload": {
      "nativeEvent": {
        "contentInset": {
          "bottom": 0,
          "left": 0,
          "right": 0,
          "top": 0,
        },
        "contentOffset": {
          "x": 0,
          "y": 175,
        },
        "contentSize": {
          "height": 0,
          "width": 0,
        },
        "layoutMeasurement": {
          "height": 0,
          "width": 0,
        },
        "responderIgnoreScroll": true,
        "target": 0,
        "velocity": {
          "x": 0,
          "y": 0,
        },
      },
    },
  },
  {
    "name": "scrollEndDrag",
    "payload": {
      "nativeEvent": {
        "contentInset": {
          "bottom": 0,
          "left": 0,
          "right": 0,
          "top": 0,
        },
        "contentOffset": {
          "x": 0,
          "y": 200,
        },
        "contentSize": {
          "height": 0,
          "width": 0,
        },
        "layoutMeasurement": {
          "height": 0,
          "width": 0,
        },
        "responderIgnoreScroll": true,
        "target": 0,
        "velocity": {
          "x": 0,
          "y": 0,
        },
      },
    },
  },
]
`;

exports[`scrollTo() supports horizontal drag scroll: scrollTo({ x: 100 }) 1`] = `
[
  {
    "name": "scrollBeginDrag",
    "payload": {
      "nativeEvent": {
        "contentInset": {
          "bottom": 0,
          "left": 0,
          "right": 0,
          "top": 0,
        },
        "contentOffset": {
          "x": 0,
          "y": 0,
        },
        "contentSize": {
          "height": 0,
          "width": 0,
        },
        "layoutMeasurement": {
          "height": 0,
          "width": 0,
        },
        "responderIgnoreScroll": true,
        "target": 0,
        "velocity": {
          "x": 0,
          "y": 0,
        },
      },
    },
  },
  {
    "name": "scroll",
    "payload": {
      "nativeEvent": {
        "contentInset": {
          "bottom": 0,
          "left": 0,
          "right": 0,
          "top": 0,
        },
        "contentOffset": {
          "x": 25,
          "y": 0,
        },
        "contentSize": {
          "height": 0,
          "width": 0,
        },
        "layoutMeasurement": {
          "height": 0,
          "width": 0,
        },
        "responderIgnoreScroll": true,
        "target": 0,
        "velocity": {
          "x": 0,
          "y": 0,
        },
      },
    },
  },
  {
    "name": "scroll",
    "payload": {
      "nativeEvent": {
        "contentInset": {
          "bottom": 0,
          "left": 0,
          "right": 0,
          "top": 0,
        },
        "contentOffset": {
          "x": 50,
          "y": 0,
        },
        "contentSize": {
          "height": 0,
          "width": 0,
        },
        "layoutMeasurement": {
          "height": 0,
          "width": 0,
        },
        "responderIgnoreScroll": true,
        "target": 0,
        "velocity": {
          "x": 0,
          "y": 0,
        },
      },
    },
  },
  {
    "name": "scroll",
    "payload": {
      "nativeEvent": {
        "contentInset": {
          "bottom": 0,
          "left": 0,
          "right": 0,
          "top": 0,
        },
        "contentOffset": {
          "x": 75,
          "y": 0,
        },
        "contentSize": {
          "height": 0,
          "width": 0,
        },
        "layoutMeasurement": {
          "height": 0,
          "width": 0,
        },
        "responderIgnoreScroll": true,
        "target": 0,
        "velocity": {
          "x": 0,
          "y": 0,
        },
      },
    },
  },
  {
    "name": "scrollEndDrag",
    "payload": {
      "nativeEvent": {
        "contentInset": {
          "bottom": 0,
          "left": 0,
          "right": 0,
          "top": 0,
        },
        "contentOffset": {
          "x": 100,
          "y": 0,
        },
        "contentSize": {
          "height": 0,
          "width": 0,
        },
        "layoutMeasurement": {
          "height": 0,
          "width": 0,
        },
        "responderIgnoreScroll": true,
        "target": 0,
        "velocity": {
          "x": 0,
          "y": 0,
        },
      },
    },
  },
]
`;

exports[`scrollTo() supports vertical drag scroll: scrollTo({ y: 100 }) 1`] = `
[
  {
    "name": "scrollBeginDrag",
    "payload": {
      "nativeEvent": {
        "contentInset": {
          "bottom": 0,
          "left": 0,
          "right": 0,
          "top": 0,
        },
        "contentOffset": {
          "x": 0,
          "y": 0,
        },
        "contentSize": {
          "height": 0,
          "width": 0,
        },
        "layoutMeasurement": {
          "height": 0,
          "width": 0,
        },
        "responderIgnoreScroll": true,
        "target": 0,
        "velocity": {
          "x": 0,
          "y": 0,
        },
      },
    },
  },
  {
    "name": "scroll",
    "payload": {
      "nativeEvent": {
        "contentInset": {
          "bottom": 0,
          "left": 0,
          "right": 0,
          "top": 0,
        },
        "contentOffset": {
          "x": 0,
          "y": 25,
        },
        "contentSize": {
          "height": 0,
          "width": 0,
        },
        "layoutMeasurement": {
          "height": 0,
          "width": 0,
        },
        "responderIgnoreScroll": true,
        "target": 0,
        "velocity": {
          "x": 0,
          "y": 0,
        },
      },
    },
  },
  {
    "name": "scroll",
    "payload": {
      "nativeEvent": {
        "contentInset": {
          "bottom": 0,
          "left": 0,
          "right": 0,
          "top": 0,
        },
        "contentOffset": {
          "x": 0,
          "y": 50,
        },
        "contentSize": {
          "height": 0,
          "width": 0,
        },
        "layoutMeasurement": {
          "height": 0,
          "width": 0,
        },
        "responderIgnoreScroll": true,
        "target": 0,
        "velocity": {
          "x": 0,
          "y": 0,
        },
      },
    },
  },
  {
    "name": "scroll",
    "payload": {
      "nativeEvent": {
        "contentInset": {
          "bottom": 0,
          "left": 0,
          "right": 0,
          "top": 0,
        },
        "contentOffset": {
          "x": 0,
          "y": 75,
        },
        "contentSize": {
          "height": 0,
          "width": 0,
        },
        "layoutMeasurement": {
          "height": 0,
          "width": 0,
        },
        "responderIgnoreScroll": true,
        "target": 0,
        "velocity": {
          "x": 0,
          "y": 0,
        },
      },
    },
  },
  {
    "name": "scrollEndDrag",
    "payload": {
      "nativeEvent": {
        "contentInset": {
          "bottom": 0,
          "left": 0,
          "right": 0,
          "top": 0,
        },
        "contentOffset": {
          "x": 0,
          "y": 100,
        },
        "contentSize": {
          "height": 0,
          "width": 0,
        },
        "layoutMeasurement": {
          "height": 0,
          "width": 0,
        },
        "responderIgnoreScroll": true,
        "target": 0,
        "velocity": {
          "x": 0,
          "y": 0,
        },
      },
    },
  },
]
`;

exports[`scrollTo() supports vertical momentum scroll: scrollTo({ y: 100 }) 1`] = `
[
  {
    "name": "scrollBeginDrag",
    "payload": {
      "nativeEvent": {
        "contentInset": {
          "bottom": 0,
          "left": 0,
          "right": 0,
          "top": 0,
        },
        "contentOffset": {
          "x": 0,
          "y": 0,
        },
        "contentSize": {
          "height": 0,
          "width": 0,
        },
        "layoutMeasurement": {
          "height": 0,
          "width": 0,
        },
        "responderIgnoreScroll": true,
        "target": 0,
        "velocity": {
          "x": 0,
          "y": 0,
        },
      },
    },
  },
  {
    "name": "scroll",
    "payload": {
      "nativeEvent": {
        "contentInset": {
          "bottom": 0,
          "left": 0,
          "right": 0,
          "top": 0,
        },
        "contentOffset": {
          "x": 0,
          "y": 25,
        },
        "contentSize": {
          "height": 0,
          "width": 0,
        },
        "layoutMeasurement": {
          "height": 0,
          "width": 0,
        },
        "responderIgnoreScroll": true,
        "target": 0,
        "velocity": {
          "x": 0,
          "y": 0,
        },
      },
    },
  },
  {
    "name": "scroll",
    "payload": {
      "nativeEvent": {
        "contentInset": {
          "bottom": 0,
          "left": 0,
          "right": 0,
          "top": 0,
        },
        "contentOffset": {
          "x": 0,
          "y": 50,
        },
        "contentSize": {
          "height": 0,
          "width": 0,
        },
        "layoutMeasurement": {
          "height": 0,
          "width": 0,
        },
        "responderIgnoreScroll": true,
        "target": 0,
        "velocity": {
          "x": 0,
          "y": 0,
        },
      },
    },
  },
  {
    "name": "scroll",
    "payload": {
      "nativeEvent": {
        "contentInset": {
          "bottom": 0,
          "left": 0,
          "right": 0,
          "top": 0,
        },
        "contentOffset": {
          "x": 0,
          "y": 75,
        },
        "contentSize": {
          "height": 0,
          "width": 0,
        },
        "layoutMeasurement": {
          "height": 0,
          "width": 0,
        },
        "responderIgnoreScroll": true,
        "target": 0,
        "velocity": {
          "x": 0,
          "y": 0,
        },
      },
    },
  },
  {
    "name": "scrollEndDrag",
    "payload": {
      "nativeEvent": {
        "contentInset": {
          "bottom": 0,
          "left": 0,
          "right": 0,
          "top": 0,
        },
        "contentOffset": {
          "x": 0,
          "y": 100,
        },
        "contentSize": {
          "height": 0,
          "width": 0,
        },
        "layoutMeasurement": {
          "height": 0,
          "width": 0,
        },
        "responderIgnoreScroll": true,
        "target": 0,
        "velocity": {
          "x": 0,
          "y": 0,
        },
      },
    },
  },
  {
    "name": "momentumScrollBegin",
    "payload": {
      "nativeEvent": {
        "contentInset": {
          "bottom": 0,
          "left": 0,
          "right": 0,
          "top": 0,
        },
        "contentOffset": {
          "x": 0,
          "y": 100,
        },
        "contentSize": {
          "height": 0,
          "width": 0,
        },
        "layoutMeasurement": {
          "height": 0,
          "width": 0,
        },
        "responderIgnoreScroll": true,
        "target": 0,
        "velocity": {
          "x": 0,
          "y": 0,
        },
      },
    },
  },
  {
    "name": "scroll",
    "payload": {
      "nativeEvent": {
        "contentInset": {
          "bottom": 0,
          "left": 0,
          "right": 0,
          "top": 0,
        },
        "contentOffset": {
          "x": 0,
          "y": 110,
        },
        "contentSize": {
          "height": 0,
          "width": 0,
        },
        "layoutMeasurement": {
          "height": 0,
          "width": 0,
        },
        "responderIgnoreScroll": true,
        "target": 0,
        "velocity": {
          "x": 0,
          "y": 0,
        },
      },
    },
  },
  {
    "name": "scroll",
    "payload": {
      "nativeEvent": {
        "contentInset": {
          "bottom": 0,
          "left": 0,
          "right": 0,
          "top": 0,
        },
        "contentOffset": {
          "x": 0,
          "y": 115,
        },
        "contentSize": {
          "height": 0,
          "width": 0,
        },
        "layoutMeasurement": {
          "height": 0,
          "width": 0,
        },
        "responderIgnoreScroll": true,
        "target": 0,
        "velocity": {
          "x": 0,
          "y": 0,
        },
      },
    },
  },
  {
    "name": "scroll",
    "payload": {
      "nativeEvent": {
        "contentInset": {
          "bottom": 0,
          "left": 0,
          "right": 0,
          "top": 0,
        },
        "contentOffset": {
          "x": 0,
          "y": 117.5,
        },
        "contentSize": {
          "height": 0,
          "width": 0,
        },
        "layoutMeasurement": {
          "height": 0,
          "width": 0,
        },
        "responderIgnoreScroll": true,
        "target": 0,
        "velocity": {
          "x": 0,
          "y": 0,
        },
      },
    },
  },
  {
    "name": "scroll",
    "payload": {
      "nativeEvent": {
        "contentInset": {
          "bottom": 0,
          "left": 0,
          "right": 0,
          "top": 0,
        },
        "contentOffset": {
          "x": 0,
          "y": 120,
        },
        "contentSize": {
          "height": 0,
          "width": 0,
        },
        "layoutMeasurement": {
          "height": 0,
          "width": 0,
        },
        "responderIgnoreScroll": true,
        "target": 0,
        "velocity": {
          "x": 0,
          "y": 0,
        },
      },
    },
  },
  {
    "name": "momentumScrollEnd",
    "payload": {
      "nativeEvent": {
        "contentInset": {
          "bottom": 0,
          "left": 0,
          "right": 0,
          "top": 0,
        },
        "contentOffset": {
          "x": 0,
          "y": 120,
        },
        "contentSize": {
          "height": 0,
          "width": 0,
        },
        "layoutMeasurement": {
          "height": 0,
          "width": 0,
        },
        "responderIgnoreScroll": true,
        "target": 0,
        "velocity": {
          "x": 0,
          "y": 0,
        },
      },
    },
  },
]
`;

exports[`scrollTo() works with fake timers: scrollTo({ y: 100 }) 1`] = `
[
  {
    "name": "scrollBeginDrag",
    "payload": {
      "nativeEvent": {
        "contentInset": {
          "bottom": 0,
          "left": 0,
          "right": 0,
          "top": 0,
        },
        "contentOffset": {
          "x": 0,
          "y": 0,
        },
        "contentSize": {
          "height": 0,
          "width": 0,
        },
        "layoutMeasurement": {
          "height": 0,
          "width": 0,
        },
        "responderIgnoreScroll": true,
        "target": 0,
        "velocity": {
          "x": 0,
          "y": 0,
        },
      },
    },
  },
  {
    "name": "scroll",
    "payload": {
      "nativeEvent": {
        "contentInset": {
          "bottom": 0,
          "left": 0,
          "right": 0,
          "top": 0,
        },
        "contentOffset": {
          "x": 0,
          "y": 25,
        },
        "contentSize": {
          "height": 0,
          "width": 0,
        },
        "layoutMeasurement": {
          "height": 0,
          "width": 0,
        },
        "responderIgnoreScroll": true,
        "target": 0,
        "velocity": {
          "x": 0,
          "y": 0,
        },
      },
    },
  },
  {
    "name": "scroll",
    "payload": {
      "nativeEvent": {
        "contentInset": {
          "bottom": 0,
          "left": 0,
          "right": 0,
          "top": 0,
        },
        "contentOffset": {
          "x": 0,
          "y": 50,
        },
        "contentSize": {
          "height": 0,
          "width": 0,
        },
        "layoutMeasurement": {
          "height": 0,
          "width": 0,
        },
        "responderIgnoreScroll": true,
        "target": 0,
        "velocity": {
          "x": 0,
          "y": 0,
        },
      },
    },
  },
  {
    "name": "scroll",
    "payload": {
      "nativeEvent": {
        "contentInset": {
          "bottom": 0,
          "left": 0,
          "right": 0,
          "top": 0,
        },
        "contentOffset": {
          "x": 0,
          "y": 75,
        },
        "contentSize": {
          "height": 0,
          "width": 0,
        },
        "layoutMeasurement": {
          "height": 0,
          "width": 0,
        },
        "responderIgnoreScroll": true,
        "target": 0,
        "velocity": {
          "x": 0,
          "y": 0,
        },
      },
    },
  },
  {
    "name": "scrollEndDrag",
    "payload": {
      "nativeEvent": {
        "contentInset": {
          "bottom": 0,
          "left": 0,
          "right": 0,
          "top": 0,
        },
        "contentOffset": {
          "x": 0,
          "y": 100,
        },
        "contentSize": {
          "height": 0,
          "width": 0,
        },
        "layoutMeasurement": {
          "height": 0,
          "width": 0,
        },
        "responderIgnoreScroll": true,
        "target": 0,
        "velocity": {
          "x": 0,
          "y": 0,
        },
      },
    },
  },
]
`;
